// Jest Snapshot v1, https://goo.gl/fbAQLP

exports[`MoviesContainer MoviesContainer Component should match the snapshot with correct data passed in 1`] = `
<main
  className="main-movies-container"
>
  <MovieCard
    avgRating={6}
    id={1}
    isLoggedIn={true}
    key="1"
    poster="https://image.tmdb.org/t/p/original//l4iknLOenijaB85Zyb5SxH1gGz8.jpg"
    userRating={Array []}
  />
  <MovieCard
    avgRating={5.666666666666667}
    id={2}
    isLoggedIn={true}
    key="2"
    poster="https://image.tmdb.org/t/p/original//xBHvZcjRiWyobQ9kxBhO6B2dtRI.jpg"
    userRating={Array []}
  />
</main>
`;
