// Jest Snapshot v1, https://goo.gl/fbAQLP

exports[`Login Component should match the snapshot 1`] = `
<main
  className="main-login"
  style={
    Object {
      "backgroundImage": "url(https://image.tmdb.org/t/p/original//zTxHf9iIOCqRbxvl8W5QYKrsMLq.jpg)",
    }
  }
>
  <form
    className="login-form"
  >
    <label
      className="form-label"
      htmlFor="email"
    >
      Email
    </label>
    <input
      className="form-input"
      id="email"
      name="email"
      onChange={[Function]}
      placeholder="User@turing.io"
      type="text"
      value=""
    />
    <label
      className="form-label"
      htmlFor="password"
    >
      Password
    </label>
    <input
      autocomplete="off"
      className="form-input"
      id="password"
      name="password"
      onChange={[Function]}
      placeholder="password123"
      type="password"
      value=""
    />
    <button
      className="form-btn"
      id="submit-btn"
      onClick={[Function]}
      type="button"
    >
      Submit
    </button>
  </form>
</main>
`;
